✓ lamina-domino  2048x1152  108 KB
✓ lamina-bienvenida  2048x1152  142 KB
✓ lamina-copiar-pegar  2048x1152  119 KB
✓ lamina-disparadores  2048x1152  120 KB
✓ lamina-nube-casa  2048x1152  119 KB
✓ lamina-tres-caminos  2048x1152  122 KB
✓ lamina-cajas-datos  2048x1152  145 KB
✓ lamina-lupa-error  2048x1152  113 KB
✓ lamina-llavero  2048x1152  126 KB
✓ lamina-formulario-hoja  2048x1152  115 KB
✓ lamina-cadena-montaje  2048x1152  141 KB
✓ lamina-interruptor  2048x1152  119 KB
✓ lamina-embudo  2048x1152  118 KB
✓ lamina-buzon  2048x1152  152 KB
✓ lamina-agente  2048x1152  96 KB
✓ lamina-buenas-practicas  2048x1152  137 KB
✓ lamina-biblioteca  2048x1152  148 KB
✓ lamina-cierre  2048x1152  131 KB

→ /Users/openwebinars/Dev/kaleidos/proyectos/curso-n8n-intro/assets/images.manifest.json
  18 imágenes
